[     643ms] [INFO] %cDownload the React DevTools for a better development experience: https://react.dev/link/react-devtools font-weight:bold @ http://localhost:8082/node_modules/expo-router/entry.bundle?platform=web&dev=true&hot=false&lazy=true&transform.routerRoot=app&transform.reactCompiler=true:178739
[     669ms] [LOG] Running application "main" with appParams:
 {rootTag: #root, hydrate: undefined} 
Development-level warnings: ON.
Performance optimizations: OFF. @ http://localhost:8082/node_modules/expo-router/entry.bundle?platform=web&dev=true&hot=false&lazy=true&transform.routerRoot=app&transform.reactCompiler=true:40444
[     725ms] [WARNING] "shadow*" style props are deprecated. Use "boxShadow". @ http://localhost:8082/node_modules/expo-router/entry.bundle?platform=web&dev=true&hot=false&lazy=true&transform.routerRoot=app&transform.reactCompiler=true:7236
[     733ms] [WARNING] "textShadow*" style props are deprecated. Use "textShadow". @ http://localhost:8082/node_modules/expo-router/entry.bundle?platform=web&dev=true&hot=false&lazy=true&transform.routerRoot=app&transform.reactCompiler=true:7236
[     774ms] [WARNING] props.pointerEvents is deprecated. Use style.pointerEvents @ http://localhost:8082/node_modules/expo-router/entry.bundle?platform=web&dev=true&hot=false&lazy=true&transform.routerRoot=app&transform.reactCompiler=true:7236
[    1483ms] [ERROR] Access to fetch at 'https://api.igdb.com/v4/games' from origin 'http://localhost:8082' has been blocked by CORS policy: Response to preflight request doesn't pass access control check: No 'Access-Control-Allow-Origin' header is present on the requested resource. @ http://localhost:8082/:0
[    1484ms] [ERROR] Failed to load resource: net::ERR_FAILED @ https://api.igdb.com/v4/games:0
[    1489ms] [ERROR] Access to fetch at 'https://api.igdb.com/v4/games' from origin 'http://localhost:8082' has been blocked by CORS policy: Response to preflight request doesn't pass access control check: No 'Access-Control-Allow-Origin' header is present on the requested resource. @ http://localhost:8082/:0
[    1489ms] [ERROR] Failed to load resource: net::ERR_FAILED @ https://api.igdb.com/v4/games:0
[    1489ms] [ERROR] Access to fetch at 'https://api.igdb.com/v4/games' from origin 'http://localhost:8082' has been blocked by CORS policy: Response to preflight request doesn't pass access control check: No 'Access-Control-Allow-Origin' header is present on the requested resource. @ http://localhost:8082/:0
[    1489ms] [ERROR] Failed to load resource: net::ERR_FAILED @ https://api.igdb.com/v4/games:0
[   50775ms] [VERBOSE] [DOM] Password field is not contained in a form: (More info: https://goo.gl/9p2vKq) %o @ http://localhost:8082/login:0
[   69069ms] [VERBOSE] [DOM] Password field is not contained in a form: (More info: https://goo.gl/9p2vKq) %o @ http://localhost:8082/signup:0
[  124536ms] [ERROR] Access to fetch at 'https://api.igdb.com/v4/games' from origin 'http://localhost:8082' has been blocked by CORS policy: Response to preflight request doesn't pass access control check: No 'Access-Control-Allow-Origin' header is present on the requested resource. @ http://localhost:8082/onboarding:0
[  124536ms] [ERROR] Failed to load resource: net::ERR_FAILED @ https://api.igdb.com/v4/games:0
[  124540ms] [ERROR] Access to fetch at 'https://api.igdb.com/v4/games' from origin 'http://localhost:8082' has been blocked by CORS policy: Response to preflight request doesn't pass access control check: No 'Access-Control-Allow-Origin' header is present on the requested resource. @ http://localhost:8082/onboarding:0
[  124540ms] [ERROR] Failed to load resource: net::ERR_FAILED @ https://api.igdb.com/v4/games:0
[  124751ms] [ERROR] Access to fetch at 'https://api.igdb.com/v4/games' from origin 'http://localhost:8082' has been blocked by CORS policy: Response to preflight request doesn't pass access control check: No 'Access-Control-Allow-Origin' header is present on the requested resource. @ http://localhost:8082/onboarding:0
[  124752ms] [ERROR] Failed to load resource: net::ERR_FAILED @ https://api.igdb.com/v4/games:0
[  124754ms] [ERROR] Access to fetch at 'https://api.igdb.com/v4/games' from origin 'http://localhost:8082' has been blocked by CORS policy: Response to preflight request doesn't pass access control check: No 'Access-Control-Allow-Origin' header is present on the requested resource. @ http://localhost:8082/onboarding:0
[  124754ms] [ERROR] Failed to load resource: net::ERR_FAILED @ https://api.igdb.com/v4/games:0
